To honour the JVM settings for this build a single-use Daemon process will be forked. For more on this, please refer to https://docs.gradle.org/8.5/userguide/gradle_daemon.html#sec:disabling_the_daemon in the Gradle documentation.
Daemon will be stopped at the end of the build 
.\gradlew.bat : 
Warning: SDK 
processing. This 
version only 
understands SDK XML 
versions up to 3 but 
an SDK XML file of 
version 4 was 
encountered. This can 
happen if you use 
versions of Android 
Studio and the 
command-line tools 
that were released at 
different times.
At line:1 char:65
+ ... tudio\jbr"; 
.\gradlew.bat 
assembleDebug 
--no-daemon 
--stacktrace 2>&1 ...
+                 ~~~~~
~~~~~~~~~~~~~~~~~~~~~~~
~~~~~~~~~~~~~~~~~~~~~~~
~~~~~~
    + CategoryInfo     
         : NotSpecifi  
  ed: (Warning: SDK    
 pr...ifferent time    
s.:String) [], Rem    
oteException
    + FullyQualifiedEr 
   rorId : NativeComm  
  andError
 
> Task :app:preBuild UP-TO-DATE
> Task :app:preDebugBuild UP-TO-DATE
> Task :app:mergeDebugNativeDebugMetadata NO-SOURCE
> Task :app:checkKotlinGradlePluginConfigurationErrors
> Task :app:checkDebugAarMetadata FAILED

FAILURE: Build failed 
with an exception.

* What went wrong:
Execution failed for 
task ':app:checkDebugAa
rMetadata'.
> Configuration `:app:d
ebugRuntimeClasspath` 
contains AndroidX 
dependencies, but the 
`android.useAndroidX` 
property is not 
enabled, which may 
cause runtime issues.
  Set `android.useAndro
idX=true` in the 
`gradle.properties` 
file and retry.
  The following 
AndroidX dependencies 
are detected:
  :app:debugRuntimeClas
spath -> androidx.core:
core-ktx:1.12.0
  :app:debugRuntimeClas
spath -> com.google.and
roid.material:material:
1.11.0 -> androidx.anno
tation:annotation:1.6.0
  :app:debugRuntimeClas
spath -> com.google.and
roid.material:material:
1.11.0 -> androidx.anno
tation:annotation:1.6.0
 -> androidx.annotation
:annotation-jvm:1.6.0
  :app:debugRuntimeClas
spath -> com.google.and
roid.material:material:
1.11.0 -> androidx.core
:core:1.12.0
  :app:debugRuntimeClas
spath -> com.google.and
roid.material:material:
1.11.0 -> androidx.anno
tation:annotation-exper
imental:1.3.0
  :app:debugRuntimeClas
spath -> androidx.appco
mpat:appcompat:1.6.1 
-> androidx.appcompat:a
ppcompat-resources:1.6.
1 -> androidx.collectio
n:collection:1.1.0
  :app:debugRuntimeClas
spath -> com.google.and
roid.material:material:
1.11.0 -> androidx.core
:core:1.12.0 -> android
x.concurrent:concurrent
-futures:1.1.0
  :app:debugRuntimeClas
spath -> androidx.appco
mpat:appcompat:1.6.1 
-> androidx.appcompat:a
ppcompat-resources:1.6.
1 -> androidx.vectordra
wable:vectordrawable-an
imated:1.1.0 -> android
x.interpolator:interpol
ator:1.0.0
  :app:debugRuntimeClas
spath -> com.google.and
roid.material:material:
1.11.0 -> androidx.life
cycle:lifecycle-runtime
:2.6.1
  :app:debugRuntimeClas
spath -> androidx.appco
mpat:appcompat:1.6.1 
-> androidx.savedstate:
savedstate:1.2.1 -> and
roidx.arch.core:core-co
mmon:2.2.0
  :app:debugRuntimeClas
spath -> com.google.and
roid.material:material:
1.11.0 -> androidx.frag
ment:fragment:1.3.6 -> 
androidx.lifecycle:life
cycle-livedata-core:2.6
.1 -> androidx.arch.cor
e:core-runtime:2.2.0
  :app:debugRuntimeClas
spath -> androidx.appco
mpat:appcompat:1.6.1 
-> androidx.savedstate:
savedstate:1.2.1 -> and
roidx.lifecycle:lifecyc
le-common:2.6.1
  :app:debugRuntimeClas
spath -> com.google.and
roid.material:material:
1.11.0 -> androidx.frag
ment:fragment:1.3.6 -> 
androidx.loader:loader:
1.0.0 -> androidx.lifec
ycle:lifecycle-livedata
:2.6.1
  :app:debugRuntimeClas
spath -> com.google.and
roid.material:material:
1.11.0 -> androidx.frag
ment:fragment:1.3.6 -> 
androidx.lifecycle:life
cycle-livedata-core:2.6
.1
  :app:debugRuntimeClas
spath -> androidx.appco
mpat:appcompat:1.6.1 
-> androidx.emoji2:emoj
i2:1.2.0 -> androidx.li
fecycle:lifecycle-proce
ss:2.6.1
  :app:debugRuntimeClas
spath -> androidx.appco
mpat:appcompat:1.6.1 
-> androidx.emoji2:emoj
i2:1.2.0 -> androidx.st
artup:startup-runtime:1
.1.1
  :app:debugRuntimeClas
spath -> com.google.and
roid.material:material:
1.11.0 -> androidx.acti
vity:activity:1.8.0 -> 
androidx.tracing:tracin
g:1.0.0
  :app:debugRuntimeClas
spath -> androidx.appco
mpat:appcompat:1.6.1 
-> androidx.lifecycle:l
ifecycle-viewmodel:2.6.
1
  :app:debugRuntimeClas
spath -> com.google.and
roid.material:material:
1.11.0 -> androidx.frag
ment:fragment:1.3.6 -> 
androidx.lifecycle:life
cycle-viewmodel-savedst
ate:2.6.1
  :app:debugRuntimeClas
spath -> androidx.appco
mpat:appcompat:1.6.1 
-> androidx.savedstate:
savedstate:1.2.1
  :app:debugRuntimeClas
spath -> com.google.and
roid.material:material:
1.11.0 -> androidx.acti
vity:activity:1.8.0 -> 
androidx.profileinstall
er:profileinstaller:1.3
.0
  :app:debugRuntimeClas
spath -> com.google.and
roid.material:material:
1.11.0 -> androidx.core
:core:1.12.0 -> android
x.versionedparcelable:v
ersionedparcelable:1.1.
1
  :app:debugRuntimeClas
spath -> androidx.appco
mpat:appcompat:1.6.1
  :app:debugRuntimeClas
spath -> com.google.and
roid.material:material:
1.11.0 -> androidx.acti
vity:activity:1.8.0
  :app:debugRuntimeClas
spath -> androidx.appco
mpat:appcompat:1.6.1 
-> androidx.appcompat:a
ppcompat-resources:1.6.
1
  :app:debugRuntimeClas
spath -> com.google.and
roid.material:material:
1.11.0 -> androidx.vect
ordrawable:vectordrawab
le:1.1.0
  :app:debugRuntimeClas
spath -> androidx.appco
mpat:appcompat:1.6.1 
-> androidx.appcompat:a
ppcompat-resources:1.6.
1 -> androidx.vectordra
wable:vectordrawable-an
imated:1.1.0
  :app:debugRuntimeClas
spath -> androidx.appco
mpat:appcompat:1.6.1 
-> androidx.cursoradapt
er:cursoradapter:1.0.0
  :app:debugRuntimeClas
spath -> com.google.and
roid.material:material:
1.11.0 -> androidx.draw
erlayout:drawerlayout:1
.1.1
  :app:debugRuntimeClas
spath -> com.google.and
roid.material:material:
1.11.0 -> androidx.draw
erlayout:drawerlayout:1
.1.1 -> androidx.custom
view:customview:1.1.0
  :app:debugRuntimeClas
spath -> androidx.appco
mpat:appcompat:1.6.1 
-> androidx.emoji2:emoj
i2:1.2.0
  :app:debugRuntimeClas
spath -> androidx.appco
mpat:appcompat:1.6.1 
-> androidx.emoji2:emoj
i2-views-helper:1.2.0
  :app:debugRuntimeClas
spath -> com.google.and
roid.material:material:
1.11.0 -> androidx.frag
ment:fragment:1.3.6
  :app:debugRuntimeClas
spath -> com.google.and
roid.material:material:
1.11.0 -> androidx.frag
ment:fragment:1.3.6 -> 
androidx.viewpager:view
pager:1.0.0
  :app:debugRuntimeClas
spath -> com.google.and
roid.material:material:
1.11.0 -> androidx.frag
ment:fragment:1.3.6 -> 
androidx.loader:loader:
1.0.0
  :app:debugRuntimeClas
spath -> com.google.and
roid.material:material:
1.11.0 -> androidx.reso
urceinspection:resource
inspection-annotation:1
.0.1
  :app:debugRuntimeClas
spath -> com.google.and
roid.material:material:
1.11.0
  :app:debugRuntimeClas
spath -> com.google.and
roid.material:material:
1.11.0 -> androidx.card
view:cardview:1.0.0
  :app:debugRuntimeClas
spath -> com.google.and
roid.material:material:
1.11.0 -> androidx.coor
dinatorlayout:coordinat
orlayout:1.1.0
  :app:debugRuntimeClas
spath -> androidx.const
raintlayout:constraintl
ayout:2.1.4
  :app:debugRuntimeClas
spath -> androidx.const
raintlayout:constraintl
ayout:2.1.4 -> androidx
.constraintlayout:const
raintlayout-core:1.0.4
  :app:debugRuntimeClas
spath -> com.google.and
roid.material:material:
1.11.0 -> androidx.dyna
micanimation:dynamicani
mation:1.0.0
  :app:debugRuntimeClas
spath -> com.google.and
roid.material:material:
1.11.0 -> androidx.dyna
micanimation:dynamicani
mation:1.0.0 -> android
x.legacy:legacy-support
-core-utils:1.0.0
  :app:debugRuntimeClas
spath -> com.google.and
roid.material:material:
1.11.0 -> androidx.dyna
micanimation:dynamicani
mation:1.0.0 -> android
x.legacy:legacy-support
-core-utils:1.0.0 -> an
droidx.documentfile:doc
umentfile:1.0.0
  :app:debugRuntimeClas
spath -> com.google.and
roid.material:material:
1.11.0 -> androidx.dyna
micanimation:dynamicani
mation:1.0.0 -> android
x.legacy:legacy-support
-core-utils:1.0.0 -> an
droidx.localbroadcastma
nager:localbroadcastman
ager:1.0.0
  :app:debugRuntimeClas
spath -> com.google.and
roid.material:material:
1.11.0 -> androidx.dyna
micanimation:dynamicani
mation:1.0.0 -> android
x.legacy:legacy-support
-core-utils:1.0.0 -> an
droidx.print:print:1.0.
0
  :app:debugRuntimeClas
spath -> com.google.and
roid.material:material:
1.11.0 -> androidx.recy
clerview:recyclerview:1
.1.0
  :app:debugRuntimeClas
spath -> com.google.and
roid.material:material:
1.11.0 -> androidx.tran
sition:transition:1.2.0
  :app:debugRuntimeClas
spath -> com.google.and
roid.material:material:
1.11.0 -> androidx.view
pager2:viewpager2:1.0.0

* Try:
> Run with --info or 
--debug option to get 
more log output.
> Run with --scan to 
get full insights.
> Get more help at http
s://help.gradle.org.

* Exception is:
org.gradle.api.tasks.Ta
skExecutionException: 
Execution failed for 
task ':app:checkDebugAa
rMetadata'.
	at org.gradle.api.inte
rnal.tasks.execution.Ca
tchExceptionTaskExecute
r.execute(CatchExceptio
nTaskExecuter.java:38)
	at org.gradle.api.inte
rnal.tasks.execution.Ev
entFiringTaskExecuter$1
.executeTask(EventFirin
gTaskExecuter.java:77)
	at org.gradle.api.inte
rnal.tasks.execution.Ev
entFiringTaskExecuter$1
.call(EventFiringTaskEx
ecuter.java:55)
	at org.gradle.api.inte
rnal.tasks.execution.Ev
entFiringTaskExecuter$1
.call(EventFiringTaskEx
ecuter.java:52)
	at org.gradle.internal
.operations.DefaultBuil
dOperationRunner$Callab
leBuildOperationWorker.
execute(DefaultBuildOpe
rationRunner.java:204)
	at org.gradle.internal
.operations.DefaultBuil
dOperationRunner$Callab
leBuildOperationWorker.
execute(DefaultBuildOpe
rationRunner.java:199)
	at org.gradle.internal
.operations.DefaultBuil
dOperationRunner$2.exec
ute(DefaultBuildOperati
onRunner.java:66)
	at org.gradle.internal
.operations.DefaultBuil
dOperationRunner$2.exec
ute(DefaultBuildOperati
onRunner.java:59)
	at org.gradle.internal
.operations.DefaultBuil
dOperationRunner.execut
e(DefaultBuildOperation
Runner.java:157)
	at org.gradle.internal
.operations.DefaultBuil
dOperationRunner.execut
e(DefaultBuildOperation
Runner.java:59)
	at org.gradle.internal
.operations.DefaultBuil
dOperationRunner.call(D
efaultBuildOperationRun
ner.java:53)
	at org.gradle.internal
.operations.DefaultBuil
dOperationExecutor.call
(DefaultBuildOperationE
xecutor.java:73)
	at org.gradle.api.inte
rnal.tasks.execution.Ev
entFiringTaskExecuter.e
xecute(EventFiringTaskE
xecuter.java:52)
	at org.gradle.executio
n.plan.LocalTaskNodeExe
cutor.execute(LocalTask
NodeExecutor.java:42)
	at org.gradle.executio
n.taskgraph.DefaultTask
ExecutionGraph$InvokeNo
deExecutorsAction.execu
te(DefaultTaskExecution
Graph.java:331)
	at org.gradle.executio
n.taskgraph.DefaultTask
ExecutionGraph$InvokeNo
deExecutorsAction.execu
te(DefaultTaskExecution
Graph.java:318)
	at org.gradle.executio
n.taskgraph.DefaultTask
ExecutionGraph$BuildOpe
rationAwareExecutionAct
ion.lambda$execute$0(De
faultTaskExecutionGraph
.java:314)
	at org.gradle.internal
.operations.CurrentBuil
dOperationRef.with(Curr
entBuildOperationRef.ja
va:80)
	at org.gradle.executio
n.taskgraph.DefaultTask
ExecutionGraph$BuildOpe
rationAwareExecutionAct
ion.execute(DefaultTask
ExecutionGraph.java:314
)
	at org.gradle.executio
n.taskgraph.DefaultTask
ExecutionGraph$BuildOpe
rationAwareExecutionAct
ion.execute(DefaultTask
ExecutionGraph.java:303
)
	at org.gradle.executio
n.plan.DefaultPlanExecu
tor$ExecutorWorker.exec
ute(DefaultPlanExecutor
.java:463)
	at org.gradle.executio
n.plan.DefaultPlanExecu
tor$ExecutorWorker.run(
DefaultPlanExecutor.jav
a:380)
	at org.gradle.internal
.concurrent.ExecutorPol
icy$CatchAndRecordFailu
res.onExecute(ExecutorP
olicy.java:64)
	at org.gradle.internal
.concurrent.AbstractMan
agedExecutor$1.run(Abst
ractManagedExecutor.jav
a:47)
Caused by: com.android.
builder.errors.EvalIssu
eException: 
Configuration `:app:deb
ugRuntimeClasspath` 
contains AndroidX 
dependencies, but the 
`android.useAndroidX` 
property is not 
enabled, which may 
cause runtime issues.
Set `android.useAndroid
X=true` in the 
`gradle.properties` 
file and retry.
The following AndroidX 
dependencies are 
detected:
:app:debugRuntimeClassp
ath -> androidx.core:co
re-ktx:1.12.0
:app:debugRuntimeClassp
ath -> com.google.andro
id.material:material:1.
11.0 -> androidx.annota
tion:annotation:1.6.0
:app:debugRuntimeClassp
ath -> com.google.andro
id.material:material:1.
11.0 -> androidx.annota
tion:annotation:1.6.0 
-> androidx.annotation:
annotation-jvm:1.6.0
:app:debugRuntimeClassp
ath -> com.google.andro
id.material:material:1.
11.0 -> androidx.core:c
ore:1.12.0
:app:debugRuntimeClassp
ath -> com.google.andro
id.material:material:1.
11.0 -> androidx.annota
tion:annotation-experim
ental:1.3.0
:app:debugRuntimeClassp
ath -> androidx.appcomp
at:appcompat:1.6.1 -> a
ndroidx.appcompat:appco
mpat-resources:1.6.1 
-> androidx.collection:
collection:1.1.0
:app:debugRuntimeClassp
ath -> com.google.andro
id.material:material:1.
11.0 -> androidx.core:c
ore:1.12.0 -> androidx.
concurrent:concurrent-f
utures:1.1.0
:app:debugRuntimeClassp
ath -> androidx.appcomp
at:appcompat:1.6.1 -> a
ndroidx.appcompat:appco
mpat-resources:1.6.1 
-> androidx.vectordrawa
ble:vectordrawable-anim
ated:1.1.0 -> androidx.
interpolator:interpolat
or:1.0.0
:app:debugRuntimeClassp
ath -> com.google.andro
id.material:material:1.
11.0 -> androidx.lifecy
cle:lifecycle-runtime:2
.6.1
:app:debugRuntimeClassp
ath -> androidx.appcomp
at:appcompat:1.6.1 -> a
ndroidx.savedstate:save
dstate:1.2.1 -> android
x.arch.core:core-common
:2.2.0
:app:debugRuntimeClassp
ath -> com.google.andro
id.material:material:1.
11.0 -> androidx.fragme
nt:fragment:1.3.6 -> an
droidx.lifecycle:lifecy
cle-livedata-core:2.6.1
 -> androidx.arch.core:
core-runtime:2.2.0
:app:debugRuntimeClassp
ath -> androidx.appcomp
at:appcompat:1.6.1 -> a
ndroidx.savedstate:save
dstate:1.2.1 -> android
x.lifecycle:lifecycle-c
ommon:2.6.1
:app:debugRuntimeClassp
ath -> com.google.andro
id.material:material:1.
11.0 -> androidx.fragme
nt:fragment:1.3.6 -> an
droidx.loader:loader:1.
0.0 -> androidx.lifecyc
le:lifecycle-livedata:2
.6.1
:app:debugRuntimeClassp
ath -> com.google.andro
id.material:material:1.
11.0 -> androidx.fragme
nt:fragment:1.3.6 -> an
droidx.lifecycle:lifecy
cle-livedata-core:2.6.1
:app:debugRuntimeClassp
ath -> androidx.appcomp
at:appcompat:1.6.1 -> a
ndroidx.emoji2:emoji2:1
.2.0 -> androidx.lifecy
cle:lifecycle-process:2
.6.1
:app:debugRuntimeClassp
ath -> androidx.appcomp
at:appcompat:1.6.1 -> a
ndroidx.emoji2:emoji2:1
.2.0 -> androidx.startu
p:startup-runtime:1.1.1
:app:debugRuntimeClassp
ath -> com.google.andro
id.material:material:1.
11.0 -> androidx.activi
ty:activity:1.8.0 -> an
droidx.tracing:tracing:
1.0.0
:app:debugRuntimeClassp
ath -> androidx.appcomp
at:appcompat:1.6.1 -> a
ndroidx.lifecycle:lifec
ycle-viewmodel:2.6.1
:app:debugRuntimeClassp
ath -> com.google.andro
id.material:material:1.
11.0 -> androidx.fragme
nt:fragment:1.3.6 -> an
droidx.lifecycle:lifecy
cle-viewmodel-savedstat
e:2.6.1
:app:debugRuntimeClassp
ath -> androidx.appcomp
at:appcompat:1.6.1 -> a
ndroidx.savedstate:save
dstate:1.2.1
:app:debugRuntimeClassp
ath -> com.google.andro
id.material:material:1.
11.0 -> androidx.activi
ty:activity:1.8.0 -> an
droidx.profileinstaller
:profileinstaller:1.3.0
:app:debugRuntimeClassp
ath -> com.google.andro
id.material:material:1.
11.0 -> androidx.core:c
ore:1.12.0 -> androidx.
versionedparcelable:ver
sionedparcelable:1.1.1
:app:debugRuntimeClassp
ath -> androidx.appcomp
at:appcompat:1.6.1
:app:debugRuntimeClassp
ath -> com.google.andro
id.material:material:1.
11.0 -> androidx.activi
ty:activity:1.8.0
:app:debugRuntimeClassp
ath -> androidx.appcomp
at:appcompat:1.6.1 -> a
ndroidx.appcompat:appco
mpat-resources:1.6.1
:app:debugRuntimeClassp
ath -> com.google.andro
id.material:material:1.
11.0 -> androidx.vector
drawable:vectordrawable
:1.1.0
:app:debugRuntimeClassp
ath -> androidx.appcomp
at:appcompat:1.6.1 -> a
ndroidx.appcompat:appco
mpat-resources:1.6.1 
-> androidx.vectordrawa
ble:vectordrawable-anim
ated:1.1.0
:app:debugRuntimeClassp
ath -> androidx.appcomp
at:appcompat:1.6.1 -> a
ndroidx.cursoradapter:c
ursoradapter:1.0.0
:app:debugRuntimeClassp
ath -> com.google.andro
id.material:material:1.
11.0 -> androidx.drawer
layout:drawerlayout:1.1
.1
:app:debugRuntimeClassp
ath -> com.google.andro
id.material:material:1.
11.0 -> androidx.drawer
layout:drawerlayout:1.1
.1 -> androidx.customvi
ew:customview:1.1.0
:app:debugRuntimeClassp
ath -> androidx.appcomp
at:appcompat:1.6.1 -> a
ndroidx.emoji2:emoji2:1
.2.0
:app:debugRuntimeClassp
ath -> androidx.appcomp
at:appcompat:1.6.1 -> a
ndroidx.emoji2:emoji2-v
iews-helper:1.2.0
:app:debugRuntimeClassp
ath -> com.google.andro
id.material:material:1.
11.0 -> androidx.fragme
nt:fragment:1.3.6
:app:debugRuntimeClassp
ath -> com.google.andro
id.material:material:1.
11.0 -> androidx.fragme
nt:fragment:1.3.6 -> an
droidx.viewpager:viewpa
ger:1.0.0
:app:debugRuntimeClassp
ath -> com.google.andro
id.material:material:1.
11.0 -> androidx.fragme
nt:fragment:1.3.6 -> an
droidx.loader:loader:1.
0.0
:app:debugRuntimeClassp
ath -> com.google.andro
id.material:material:1.
11.0 -> androidx.resour
ceinspection:resourcein
spection-annotation:1.0
.1
:app:debugRuntimeClassp
ath -> com.google.andro
id.material:material:1.
11.0
:app:debugRuntimeClassp
ath -> com.google.andro
id.material:material:1.
11.0 -> androidx.cardvi
ew:cardview:1.0.0
:app:debugRuntimeClassp
ath -> com.google.andro
id.material:material:1.
11.0 -> androidx.coordi
natorlayout:coordinator
layout:1.1.0
:app:debugRuntimeClassp
ath -> androidx.constra
intlayout:constraintlay
out:2.1.4
:app:debugRuntimeClassp
ath -> androidx.constra
intlayout:constraintlay
out:2.1.4 -> androidx.c
onstraintlayout:constra
intlayout-core:1.0.4
:app:debugRuntimeClassp
ath -> com.google.andro
id.material:material:1.
11.0 -> androidx.dynami
canimation:dynamicanima
tion:1.0.0
:app:debugRuntimeClassp
ath -> com.google.andro
id.material:material:1.
11.0 -> androidx.dynami
canimation:dynamicanima
tion:1.0.0 -> androidx.
legacy:legacy-support-c
ore-utils:1.0.0
:app:debugRuntimeClassp
ath -> com.google.andro
id.material:material:1.
11.0 -> androidx.dynami
canimation:dynamicanima
tion:1.0.0 -> androidx.
legacy:legacy-support-c
ore-utils:1.0.0 -> andr
oidx.documentfile:docum
entfile:1.0.0
:app:debugRuntimeClassp
ath -> com.google.andro
id.material:material:1.
11.0 -> androidx.dynami
canimation:dynamicanima
tion:1.0.0 -> androidx.
legacy:legacy-support-c
ore-utils:1.0.0 -> andr
oidx.localbroadcastmana
ger:localbroadcastmanag
er:1.0.0
:app:debugRuntimeClassp
ath -> com.google.andro
id.material:material:1.
11.0 -> androidx.dynami
canimation:dynamicanima
tion:1.0.0 -> androidx.
legacy:legacy-support-c
ore-utils:1.0.0 -> andr
oidx.print:print:1.0.0
:app:debugRuntimeClassp
ath -> com.google.andro
id.material:material:1.
11.0 -> androidx.recycl
erview:recyclerview:1.1
.0
:app:debugRuntimeClassp
ath -> com.google.andro
id.material:material:1.
11.0 -> androidx.transi
tion:transition:1.2.0
:app:debugRuntimeClassp
ath -> com.google.andro
id.material:material:1.
11.0 -> androidx.viewpa
ger2:viewpager2:1.0.0
	at com.android.builder
.errors.IssueReporter.r
eportError(IssueReporte
r.kt:114)
	at com.android.builder
.errors.IssueReporter.r
eportError$default(Issu
eReporter.kt:110)
	at com.android.build.g
radle.internal.dependen
cy.AndroidXDependencyCh
eck$AndroidXDisabledJet
ifierDisabled.execute(A
ndroidXDependencyCheck.
kt:72)
	at com.android.build.g
radle.internal.dependen
cy.AndroidXDependencyCh
eck$AndroidXDisabledJet
ifierDisabled.execute(A
ndroidXDependencyCheck.
kt:40)
	at org.gradle.internal
.code.DefaultUserCodeAp
plicationContext$Curren
tApplication$1.execute(
DefaultUserCodeApplicat
ionContext.java:122)
	at org.gradle.internal
.event.BroadcastDispatc
h$ActionInvocationHandl
er.dispatch(BroadcastDi
spatch.java:99)
	at org.gradle.internal
.event.BroadcastDispatc
h$ActionInvocationHandl
er.dispatch(BroadcastDi
spatch.java:87)
	at org.gradle.internal
.event.AbstractBroadcas
tDispatch.dispatch(Abst
ractBroadcastDispatch.j
ava:43)
	at org.gradle.internal
.event.BroadcastDispatc
h$SingletonDispatch.dis
patch(BroadcastDispatch
.java:268)
	at org.gradle.internal
.event.BroadcastDispatc
h$SingletonDispatch.dis
patch(BroadcastDispatch
.java:170)
	at org.gradle.internal
.event.AbstractBroadcas
tDispatch.dispatch(Abst
ractBroadcastDispatch.j
ava:83)
	at org.gradle.internal
.event.AbstractBroadcas
tDispatch.dispatch(Abst
ractBroadcastDispatch.j
ava:69)
	at org.gradle.internal
.event.BroadcastDispatc
h$CompositeDispatch.dis
patch(BroadcastDispatch
.java:381)
	at org.gradle.internal
.event.BroadcastDispatc
h$CompositeDispatch.dis
patch(BroadcastDispatch
.java:272)
	at org.gradle.internal
.event.ListenerBroadcas
t.dispatch(ListenerBroa
dcast.java:148)
	at org.gradle.internal
.event.ListenerBroadcas
t.dispatch(ListenerBroa
dcast.java:37)
	at org.gradle.internal
.dispatch.ProxyDispatch
Adapter$DispatchingInvo
cationHandler.invoke(Pr
oxyDispatchAdapter.java
:94)
	at jdk.proxy1/jdk.prox
y1.$Proxy50.afterResolv
e(Unknown Source)
	at org.gradle.api.inte
rnal.artifacts.configur
ations.DefaultConfigura
tion$1.call(DefaultConf
iguration.java:726)
	at org.gradle.api.inte
rnal.artifacts.configur
ations.DefaultConfigura
tion$1.call(DefaultConf
iguration.java:703)
	at org.gradle.internal
.operations.DefaultBuil
dOperationRunner$Callab
leBuildOperationWorker.
execute(DefaultBuildOpe
rationRunner.java:204)
	at org.gradle.internal
.operations.DefaultBuil
dOperationRunner$Callab
leBuildOperationWorker.
execute(DefaultBuildOpe
rationRunner.java:199)
	at org.gradle.internal
.operations.DefaultBuil
dOperationRunner$2.exec
ute(DefaultBuildOperati
onRunner.java:66)
	at org.gradle.internal
.operations.DefaultBuil
dOperationRunner$2.exec
ute(DefaultBuildOperati
onRunner.java:59)
	at org.gradle.internal
.operations.DefaultBuil
dOperationRunner.execut
e(DefaultBuildOperation
Runner.java:157)
	at org.gradle.internal
.operations.DefaultBuil
dOperationRunner.execut
e(DefaultBuildOperation
Runner.java:59)
	at org.gradle.internal
.operations.DefaultBuil
dOperationRunner.call(D
efaultBuildOperationRun
ner.java:53)
	at org.gradle.internal
.operations.DefaultBuil
dOperationExecutor.call
(DefaultBuildOperationE
xecutor.java:73)
	at org.gradle.api.inte
rnal.artifacts.configur
ations.DefaultConfigura
tion.resolveGraphInBuil
dOperation(DefaultConfi
guration.java:703)
	at org.gradle.api.inte
rnal.artifacts.configur
ations.DefaultConfigura
tion.lambda$resolveExcl
usivelyIfRequired$3(Def
aultConfiguration.java:
695)
	at org.gradle.api.inte
rnal.project.DefaultPro
jectStateRegistry$Calcu
latedModelValueImpl.upd
ate(DefaultProjectState
Registry.java:504)
	at org.gradle.api.inte
rnal.artifacts.configur
ations.DefaultConfigura
tion.resolveExclusively
IfRequired(DefaultConfi
guration.java:687)
	at org.gradle.api.inte
rnal.artifacts.configur
ations.DefaultConfigura
tion.resolveGraphIfRequ
ired(DefaultConfigurati
on.java:680)
	at org.gradle.api.inte
rnal.artifacts.configur
ations.DefaultConfigura
tion.access$1800(Defaul
tConfiguration.java:167
)
	at org.gradle.api.inte
rnal.artifacts.configur
ations.DefaultConfigura
tion$VisitedArtifactsSe
tProvider.getValue(Defa
ultConfiguration.java:1
622)
	at org.gradle.api.inte
rnal.artifacts.configur
ations.DefaultConfigura
tion$VisitedArtifactsSe
tProvider.getValue(Defa
ultConfiguration.java:1
613)
	at org.gradle.api.inte
rnal.artifacts.configur
ations.DefaultConfigura
tion$SelectedArtifactsP
rovider.getValue(Defaul
tConfiguration.java:165
9)
	at org.gradle.api.inte
rnal.artifacts.configur
ations.DefaultConfigura
tion$SelectedArtifactsP
rovider.getValue(Defaul
tConfiguration.java:162
6)
	at org.gradle.api.inte
rnal.artifacts.configur
ations.ResolutionBacked
FileCollection.getSelec
tedArtifacts(Resolution
BackedFileCollection.ja
va:95)
	at org.gradle.api.inte
rnal.artifacts.configur
ations.ResolutionBacked
FileCollection.visitCon
tents(ResolutionBackedF
ileCollection.java:73)
	at org.gradle.api.inte
rnal.file.AbstractFileC
ollection.visitStructur
e(AbstractFileCollectio
n.java:359)
	at org.gradle.api.inte
rnal.file.CompositeFile
Collection.lambda$visit
Contents$0(CompositeFil
eCollection.java:113)
	at org.gradle.api.inte
rnal.file.collections.U
npackingVisitor.add(Unp
ackingVisitor.java:67)
	at org.gradle.api.inte
rnal.file.collections.U
npackingVisitor.add(Unp
ackingVisitor.java:92)
	at org.gradle.api.inte
rnal.file.DefaultFileCo
llectionFactory$Resolvi
ngFileCollection.visitC
hildren(DefaultFileColl
ectionFactory.java:285)
	at org.gradle.api.inte
rnal.file.CompositeFile
Collection.visitContent
s(CompositeFileCollecti
on.java:113)
	at org.gradle.api.inte
rnal.file.AbstractFileC
ollection.visitStructur
e(AbstractFileCollectio
n.java:359)
	at org.gradle.api.inte
rnal.file.CompositeFile
Collection.lambda$visit
Contents$0(CompositeFil
eCollection.java:113)
	at org.gradle.api.inte
rnal.tasks.PropertyFile
Collection.visitChildre
n(PropertyFileCollectio
n.java:48)
	at org.gradle.api.inte
rnal.file.CompositeFile
Collection.visitContent
s(CompositeFileCollecti
on.java:113)
	at org.gradle.api.inte
rnal.file.AbstractFileC
ollection.visitStructur
e(AbstractFileCollectio
n.java:359)
	at org.gradle.internal
.fingerprint.impl.Defau
ltFileCollectionSnapsho
tter.snapshot(DefaultFi
leCollectionSnapshotter
.java:47)
	at org.gradle.internal
.execution.impl.Default
InputFingerprinter$Inpu
tCollectingVisitor.visi
tInputFileProperty(Defa
ultInputFingerprinter.j
ava:133)
	at org.gradle.api.inte
rnal.tasks.execution.Ta
skExecution.visitRegula
rInputs(TaskExecution.j
ava:328)
	at org.gradle.internal
.execution.impl.Default
InputFingerprinter.fing
erprintInputProperties(
DefaultInputFingerprint
er.java:63)
	at org.gradle.internal
.execution.steps.Captur
eStateBeforeExecutionSt
ep.captureExecutionStat
eWithOutputs(CaptureSta
teBeforeExecutionStep.j
ava:123)
	at org.gradle.internal
.execution.steps.Captur
eStateBeforeExecutionSt
ep.lambda$captureExecut
ionState$1(CaptureState
BeforeExecutionStep.jav
a:82)
	at org.gradle.internal
.execution.steps.BuildO
perationStep$1.call(Bui
ldOperationStep.java:37
)
	at org.gradle.internal
.operations.DefaultBuil
dOperationRunner$Callab
leBuildOperationWorker.
execute(DefaultBuildOpe
rationRunner.java:204)
	at org.gradle.internal
.operations.DefaultBuil
dOperationRunner$Callab
leBuildOperationWorker.
execute(DefaultBuildOpe
rationRunner.java:199)
	at org.gradle.internal
.operations.DefaultBuil
dOperationRunner$2.exec
ute(DefaultBuildOperati
onRunner.java:66)
	at org.gradle.internal
.operations.DefaultBuil
dOperationRunner$2.exec
ute(DefaultBuildOperati
onRunner.java:59)
	at org.gradle.internal
.operations.DefaultBuil
dOperationRunner.execut
e(DefaultBuildOperation
Runner.java:157)
	at org.gradle.internal
.operations.DefaultBuil
dOperationRunner.execut
e(DefaultBuildOperation
Runner.java:59)
	at org.gradle.internal
.operations.DefaultBuil
dOperationRunner.call(D
efaultBuildOperationRun
ner.java:53)
	at org.gradle.internal
.operations.DefaultBuil
dOperationExecutor.call
(DefaultBuildOperationE
xecutor.java:73)
	at org.gradle.internal
.execution.steps.BuildO
perationStep.operation(
BuildOperationStep.java
:34)
	at org.gradle.internal
.execution.steps.Captur
eStateBeforeExecutionSt
ep.captureExecutionStat
e(CaptureStateBeforeExe
cutionStep.java:76)
	at org.gradle.internal
.execution.steps.Captur
eStateBeforeExecutionSt
ep.lambda$execute$0(Cap
tureStateBeforeExecutio
nStep.java:70)
	at org.gradle.internal
.execution.steps.Captur
eStateBeforeExecutionSt
ep.execute(CaptureState
BeforeExecutionStep.jav
a:70)
	at org.gradle.internal
.execution.steps.Captur
eStateBeforeExecutionSt
ep.execute(CaptureState
BeforeExecutionStep.jav
a:45)
	at org.gradle.internal
.execution.steps.SkipEm
ptyWorkStep.executeWith
NonEmptySources(SkipEmp
tyWorkStep.java:177)
	at org.gradle.internal
.execution.steps.SkipEm
ptyWorkStep.execute(Ski
pEmptyWorkStep.java:81)
	at org.gradle.internal
.execution.steps.SkipEm
ptyWorkStep.execute(Ski
pEmptyWorkStep.java:53)
	at org.gradle.internal
.execution.steps.Remove
UntrackedExecutionState
Step.execute(RemoveUntr
ackedExecutionStateStep
.java:32)
	at org.gradle.internal
.execution.steps.Remove
UntrackedExecutionState
Step.execute(RemoveUntr
ackedExecutionStateStep
.java:21)
	at org.gradle.internal
.execution.steps.legacy
.MarkSnapshottingInputs
StartedStep.execute(Mar
kSnapshottingInputsStar
tedStep.java:38)
	at org.gradle.internal
.execution.steps.LoadPr
eviousExecutionStateSte
p.execute(LoadPreviousE
xecutionStateStep.java:
36)
	at org.gradle.internal
.execution.steps.LoadPr
eviousExecutionStateSte
p.execute(LoadPreviousE
xecutionStateStep.java:
23)
	at org.gradle.internal
.execution.steps.Cleanu
pStaleOutputsStep.execu
te(CleanupStaleOutputsS
tep.java:75)
	at org.gradle.internal
.execution.steps.Cleanu
pStaleOutputsStep.execu
te(CleanupStaleOutputsS
tep.java:41)
	at org.gradle.internal
.execution.steps.Execut
eWorkBuildOperationFiri
ngStep.lambda$execute$2
(ExecuteWorkBuildOperat
ionFiringStep.java:66)
	at org.gradle.internal
.execution.steps.Execut
eWorkBuildOperationFiri
ngStep.execute(ExecuteW
orkBuildOperationFiring
Step.java:66)
	at org.gradle.internal
.execution.steps.Execut
eWorkBuildOperationFiri
ngStep.execute(ExecuteW
orkBuildOperationFiring
Step.java:38)
	at org.gradle.internal
.execution.steps.Assign
WorkspaceStep.lambda$ex
ecute$0(AssignWorkspace
Step.java:32)
	at org.gradle.api.inte
rnal.tasks.execution.Ta
skExecution$4.withWorks
pace(TaskExecution.java
:293)
	at org.gradle.internal
.execution.steps.Assign
WorkspaceStep.execute(A
ssignWorkspaceStep.java
:30)
	at org.gradle.internal
.execution.steps.Assign
WorkspaceStep.execute(A
ssignWorkspaceStep.java
:21)
	at org.gradle.internal
.execution.steps.Identi
tyCacheStep.execute(Ide
ntityCacheStep.java:37)
	at org.gradle.internal
.execution.steps.Identi
tyCacheStep.execute(Ide
ntityCacheStep.java:27)
	at org.gradle.internal
.execution.steps.Identi
fyStep.execute(Identify
Step.java:47)
	at org.gradle.internal
.execution.steps.Identi
fyStep.execute(Identify
Step.java:34)
	at org.gradle.internal
.execution.impl.Default
ExecutionEngine$1.execu
te(DefaultExecutionEngi
ne.java:64)
	at org.gradle.api.inte
rnal.tasks.execution.Ex
ecuteActionsTaskExecute
r.executeIfValid(Execut
eActionsTaskExecuter.ja
va:145)
	at org.gradle.api.inte
rnal.tasks.execution.Ex
ecuteActionsTaskExecute
r.execute(ExecuteAction
sTaskExecuter.java:134)
	at org.gradle.api.inte
rnal.tasks.execution.Fi
nalizePropertiesTaskExe
cuter.execute(FinalizeP
ropertiesTaskExecuter.j
ava:46)
	at org.gradle.api.inte
rnal.tasks.execution.Re
solveTaskExecutionModeE
xecuter.execute(Resolve
TaskExecutionModeExecut
er.java:51)
	at org.gradle.api.inte
rnal.tasks.execution.Sk
ipTaskWithNoActionsExec
uter.execute(SkipTaskWi
thNoActionsExecuter.jav
a:57)
	at org.gradle.api.inte
rnal.tasks.execution.Sk
ipOnlyIfTaskExecuter.ex
ecute(SkipOnlyIfTaskExe
cuter.java:74)
	at org.gradle.api.inte
rnal.tasks.execution.Ca
tchExceptionTaskExecute
r.execute(CatchExceptio
nTaskExecuter.java:36)
	at org.gradle.api.inte
rnal.tasks.execution.Ev
entFiringTaskExecuter$1
.executeTask(EventFirin
gTaskExecuter.java:77)
	at org.gradle.api.inte
rnal.tasks.execution.Ev
entFiringTaskExecuter$1
.call(EventFiringTaskEx
ecuter.java:55)
	at org.gradle.api.inte
rnal.tasks.execution.Ev
entFiringTaskExecuter$1
.call(EventFiringTaskEx
ecuter.java:52)
	at org.gradle.internal
.operations.DefaultBuil
dOperationRunner$Callab
leBuildOperationWorker.
execute(DefaultBuildOpe
rationRunner.java:204)
	at org.gradle.internal
.operations.DefaultBuil
dOperationRunner$Callab
leBuildOperationWorker.
execute(DefaultBuildOpe
rationRunner.java:199)
2 actionable tasks: 2 executed
	at org.gradle.internal
.operations.DefaultBuil
dOperationRunner$2.exec
ute(DefaultBuildOperati
onRunner.java:66)
	at org.gradle.internal
.operations.DefaultBuil
dOperationRunner$2.exec
ute(DefaultBuildOperati
onRunner.java:59)
	at org.gradle.internal
.operations.DefaultBuil
dOperationRunner.execut
e(DefaultBuildOperation
Runner.java:157)
	at org.gradle.internal
.operations.DefaultBuil
dOperationRunner.execut
e(DefaultBuildOperation
Runner.java:59)
	at org.gradle.internal
.operations.DefaultBuil
dOperationRunner.call(D
efaultBuildOperationRun
ner.java:53)
	at org.gradle.internal
.operations.DefaultBuil
dOperationExecutor.call
(DefaultBuildOperationE
xecutor.java:73)
	at org.gradle.api.inte
rnal.tasks.execution.Ev
entFiringTaskExecuter.e
xecute(EventFiringTaskE
xecuter.java:52)
	at org.gradle.executio
n.plan.LocalTaskNodeExe
cutor.execute(LocalTask
NodeExecutor.java:42)
	at org.gradle.executio
n.taskgraph.DefaultTask
ExecutionGraph$InvokeNo
deExecutorsAction.execu
te(DefaultTaskExecution
Graph.java:331)
	at org.gradle.executio
n.taskgraph.DefaultTask
ExecutionGraph$InvokeNo
deExecutorsAction.execu
te(DefaultTaskExecution
Graph.java:318)
	at org.gradle.executio
n.taskgraph.DefaultTask
ExecutionGraph$BuildOpe
rationAwareExecutionAct
ion.lambda$execute$0(De
faultTaskExecutionGraph
.java:314)
	at org.gradle.internal
.operations.CurrentBuil
dOperationRef.with(Curr
entBuildOperationRef.ja
va:80)
	at org.gradle.executio
n.taskgraph.DefaultTask
ExecutionGraph$BuildOpe
rationAwareExecutionAct
ion.execute(DefaultTask
ExecutionGraph.java:314
)
	at org.gradle.executio
n.taskgraph.DefaultTask
ExecutionGraph$BuildOpe
rationAwareExecutionAct
ion.execute(DefaultTask
ExecutionGraph.java:303
)
	at org.gradle.executio
n.plan.DefaultPlanExecu
tor$ExecutorWorker.exec
ute(DefaultPlanExecutor
.java:463)
	at org.gradle.executio
n.plan.DefaultPlanExecu
tor$ExecutorWorker.run(
DefaultPlanExecutor.jav
a:380)
	at org.gradle.internal
.concurrent.ExecutorPol
icy$CatchAndRecordFailu
res.onExecute(ExecutorP
olicy.java:64)
	at org.gradle.internal
.concurrent.AbstractMan
agedExecutor$1.run(Abst
ractManagedExecutor.jav
a:47)


BUILD FAILED in 8s
